2022-03-29 17:53:06
Full thread dump Java HotSpot(TM) 64-Bit Server VM (25.321-b07 mixed mode):

"Attach Listener" #14 daemon prio=9 os_prio=31 tid=0x00007f8f10909800 nid=0xa703 waiting on condition [0x0000000000000000]
   java.lang.Thread.State: RUNNABLE

   Locked ownable synchronizers:
	- None

"DestroyJavaVM" #13 prio=5 os_prio=31 tid=0x00007f8f10808800 nid=0xd03 waiting on condition [0x0000000000000000]
   java.lang.Thread.State: RUNNABLE

   Locked ownable synchronizers:
	- None

"Thread-1" #12 prio=5 os_prio=31 tid=0x00007f8f108fe000 nid=0xa903 waiting for monitor entry [0x000070000add1000]
   java.lang.Thread.State: BLOCKED (on object monitor)
	at org.example.ch7._1.TestDeadLock$DeadLock.test2(TestDeadLock.java:33)
	- waiting to lock <0x000000076ba5a090> (a java.lang.Object)
	- locked <0x000000076ba5a0a0> (a java.lang.Object)
	at org.example.ch7._1.TestDeadLock$$Lambda$2/804581391.run(Unknown Source)
	at java.lang.Thread.run(Thread.java:750)

   Locked ownable synchronizers:
	- None

"Thread-0" #11 prio=5 os_prio=31 tid=0x00007f8f11074800 nid=0x5503 waiting for monitor entry [0x000070000acce000]
   java.lang.Thread.State: BLOCKED (on object monitor)
	at org.example.ch7._1.TestDeadLock$DeadLock.test1(TestDeadLock.java:24)
	- waiting to lock <0x000000076ba5a0a0> (a java.lang.Object)
	- locked <0x000000076ba5a090> (a java.lang.Object)
	at org.example.ch7._1.TestDeadLock$$Lambda$1/1844169442.run(Unknown Source)
	at java.lang.Thread.run(Thread.java:750)

   Locked ownable synchronizers:
	- None

"Service Thread" #10 daemon prio=9 os_prio=31 tid=0x00007f8f0f0ab000 nid=0x4003 runnable [0x0000000000000000]
   java.lang.Thread.State: RUNNABLE

   Locked ownable synchronizers:
	- None

"C1 CompilerThread3" #9 daemon prio=9 os_prio=31 tid=0x00007f8f0f086800 nid=0x4203 waiting on condition [0x0000000000000000]
   java.lang.Thread.State: RUNNABLE

   Locked ownable synchronizers:
	- None

"C2 CompilerThread2" #8 daemon prio=9 os_prio=31 tid=0x00007f8f0f085800 nid=0x4303 waiting on condition [0x0000000000000000]
   java.lang.Thread.State: RUNNABLE

   Locked ownable synchronizers:
	- None

"C2 CompilerThread1" #7 daemon prio=9 os_prio=31 tid=0x00007f8f0f084800 nid=0x4503 waiting on condition [0x0000000000000000]
   java.lang.Thread.State: RUNNABLE

   Locked ownable synchronizers:
	- None

"C2 CompilerThread0" #6 daemon prio=9 os_prio=31 tid=0x00007f8f0f083800 nid=0x3a03 waiting on condition [0x0000000000000000]
   java.lang.Thread.State: RUNNABLE

   Locked ownable synchronizers:
	- None

"Monitor Ctrl-Break" #5 daemon prio=5 os_prio=31 tid=0x00007f8f1480f800 nid=0x3803 runnable [0x000070000a5b9000]
   java.lang.Thread.State: RUNNABLE
	at java.net.SocketInputStream.socketRead0(Native Method)
	at java.net.SocketInputStream.socketRead(SocketInputStream.java:116)
	at java.net.SocketInputStream.read(SocketInputStream.java:171)
	at java.net.SocketInputStream.read(SocketInputStream.java:141)
	at sun.nio.cs.StreamDecoder.readBytes(StreamDecoder.java:284)
	at sun.nio.cs.StreamDecoder.implRead(StreamDecoder.java:326)
	at sun.nio.cs.StreamDecoder.read(StreamDecoder.java:178)
	- locked <0x000000076aca59a8> (a java.io.InputStreamReader)
	at java.io.InputStreamReader.read(InputStreamReader.java:184)
	at java.io.BufferedReader.fill(BufferedReader.java:161)
	at java.io.BufferedReader.readLine(BufferedReader.java:324)
	- locked <0x000000076aca59a8> (a java.io.InputStreamReader)
	at java.io.BufferedReader.readLine(BufferedReader.java:389)
	at com.intellij.rt.execution.application.AppMainV2$1.run(AppMainV2.java:49)

   Locked ownable synchronizers:
	- None

"Signal Dispatcher" #4 daemon prio=9 os_prio=31 tid=0x00007f8f0e808800 nid=0x3703 runnable [0x0000000000000000]
   java.lang.Thread.State: RUNNABLE

   Locked ownable synchronizers:
	- None

"Finalizer" #3 daemon prio=8 os_prio=31 tid=0x00007f8f10819800 nid=0x3103 in Object.wait() [0x000070000a2ad000]
   java.lang.Thread.State: WAITING (on object monitor)
	at java.lang.Object.wait(Native Method)
	- waiting on <0x000000076ab08ee8> (a java.lang.ref.ReferenceQueue$Lock)
	at java.lang.ref.ReferenceQueue.remove(ReferenceQueue.java:144)
	- locked <0x000000076ab08ee8> (a java.lang.ref.ReferenceQueue$Lock)
	at java.lang.ref.ReferenceQueue.remove(ReferenceQueue.java:165)
	at java.lang.ref.Finalizer$FinalizerThread.run(Finalizer.java:216)

   Locked ownable synchronizers:
	- None

"Reference Handler" #2 daemon prio=10 os_prio=31 tid=0x00007f8f0f02c000 nid=0x2f03 in Object.wait() [0x000070000a1aa000]
   java.lang.Thread.State: WAITING (on object monitor)
	at java.lang.Object.wait(Native Method)
	- waiting on <0x000000076ab06c00> (a java.lang.ref.Reference$Lock)
	at java.lang.Object.wait(Object.java:502)
	at java.lang.ref.Reference.tryHandlePending(Reference.java:191)
	- locked <0x000000076ab06c00> (a java.lang.ref.Reference$Lock)
	at java.lang.ref.Reference$ReferenceHandler.run(Reference.java:153)

   Locked ownable synchronizers:
	- None

"VM Thread" os_prio=31 tid=0x00007f8f0f027000 nid=0x4f03 runnable 

"GC task thread#0 (ParallelGC)" os_prio=31 tid=0x00007f8f0f810000 nid=0x2107 runnable 

"GC task thread#1 (ParallelGC)" os_prio=31 tid=0x00007f8f0f811000 nid=0x2003 runnable 

"GC task thread#2 (ParallelGC)" os_prio=31 tid=0x00007f8f0f811800 nid=0x1f03 runnable 

"GC task thread#3 (ParallelGC)" os_prio=31 tid=0x00007f8f0f812000 nid=0x2a03 runnable 

"GC task thread#4 (ParallelGC)" os_prio=31 tid=0x00007f8f0f812800 nid=0x2b03 runnable 

"GC task thread#5 (ParallelGC)" os_prio=31 tid=0x00007f8f0f813800 nid=0x5303 runnable 

"GC task thread#6 (ParallelGC)" os_prio=31 tid=0x00007f8f0f814000 nid=0x5103 runnable 

"GC task thread#7 (ParallelGC)" os_prio=31 tid=0x00007f8f0f814800 nid=0x5003 runnable 

"VM Periodic Task Thread" os_prio=31 tid=0x00007f8f0f84d000 nid=0x3f03 waiting on condition 

JNI global references: 321


Found one Java-level deadlock:
=============================
"Thread-1":
  waiting to lock monitor 0x00007f8f11011a38 (object 0x000000076ba5a090, a java.lang.Object),
  which is held by "Thread-0"
"Thread-0":
  waiting to lock monitor 0x00007f8f0f2b4008 (object 0x000000076ba5a0a0, a java.lang.Object),
  which is held by "Thread-1"

Java stack information for the threads listed above:
===================================================
"Thread-1":
	at org.example.ch7._1.TestDeadLock$DeadLock.test2(TestDeadLock.java:33)
	- waiting to lock <0x000000076ba5a090> (a java.lang.Object)
	- locked <0x000000076ba5a0a0> (a java.lang.Object)
	at org.example.ch7._1.TestDeadLock$$Lambda$2/804581391.run(Unknown Source)
	at java.lang.Thread.run(Thread.java:750)
"Thread-0":
	at org.example.ch7._1.TestDeadLock$DeadLock.test1(TestDeadLock.java:24)
	- waiting to lock <0x000000076ba5a0a0> (a java.lang.Object)
	- locked <0x000000076ba5a090> (a java.lang.Object)
	at org.example.ch7._1.TestDeadLock$$Lambda$1/1844169442.run(Unknown Source)
	at java.lang.Thread.run(Thread.java:750)

Found 1 deadlock.

