2022-04-06 15:29:37
Full thread dump Java HotSpot(TM) 64-Bit Server VM (25.321-b07 mixed mode):

"Attach Listener" #16 daemon prio=9 os_prio=31 tid=0x00007f9bfb009000 nid=0x5803 waiting on condition [0x0000000000000000]
   java.lang.Thread.State: RUNNABLE

   Locked ownable synchronizers:
	- None

"DestroyJavaVM" #15 prio=5 os_prio=31 tid=0x00007f9bf9054000 nid=0xe03 waiting on condition [0x0000000000000000]
   java.lang.Thread.State: RUNNABLE

   Locked ownable synchronizers:
	- None

"consumer3" #14 prio=5 os_prio=31 tid=0x00007f9bfa094000 nid=0xa603 waiting on condition [0x0000700008dbf000]
   java.lang.Thread.State: WAITING (parking)
	at sun.misc.Unsafe.park(Native Method)
	- parking to wait for  <0x000000076ba66f90> (a java.util.concurrent.locks.AbstractQueuedSynchronizer$ConditionObject)
	at java.util.concurrent.locks.LockSupport.park(LockSupport.java:175)
	at java.util.concurrent.locks.AbstractQueuedSynchronizer$ConditionObject.await(AbstractQueuedSynchronizer.java:2039)
	at java.util.concurrent.LinkedBlockingQueue.take(LinkedBlockingQueue.java:442)
	at java.util.concurrent.ThreadPoolExecutor.getTask(ThreadPoolExecutor.java:1074)
	at java.util.concurrent.ThreadPoolExecutor.runWorker(ThreadPoolExecutor.java:1134)
	at java.util.concurrent.ThreadPoolExecutor$Worker.run(ThreadPoolExecutor.java:624)
	at java.lang.Thread.run(Thread.java:750)

   Locked ownable synchronizers:
	- None

"consumer2" #13 prio=5 os_prio=31 tid=0x00007f9bfa093000 nid=0xa803 waiting on condition [0x0000700008cbc000]
   java.lang.Thread.State: WAITING (parking)
	at sun.misc.Unsafe.park(Native Method)
	- parking to wait for  <0x000000076ba66f90> (a java.util.concurrent.locks.AbstractQueuedSynchronizer$ConditionObject)
	at java.util.concurrent.locks.LockSupport.park(LockSupport.java:175)
	at java.util.concurrent.locks.AbstractQueuedSynchronizer$ConditionObject.await(AbstractQueuedSynchronizer.java:2039)
	at java.util.concurrent.LinkedBlockingQueue.take(LinkedBlockingQueue.java:442)
	at java.util.concurrent.ThreadPoolExecutor.getTask(ThreadPoolExecutor.java:1074)
	at java.util.concurrent.ThreadPoolExecutor.runWorker(ThreadPoolExecutor.java:1134)
	at java.util.concurrent.ThreadPoolExecutor$Worker.run(ThreadPoolExecutor.java:624)
	at java.lang.Thread.run(Thread.java:750)

   Locked ownable synchronizers:
	- None

"consumer1" #12 prio=5 os_prio=31 tid=0x00007f9bfa874000 nid=0x5603 waiting on condition [0x0000700008bb9000]
   java.lang.Thread.State: WAITING (parking)
	at sun.misc.Unsafe.park(Native Method)
	- parking to wait for  <0x000000076ba66f90> (a java.util.concurrent.locks.AbstractQueuedSynchronizer$ConditionObject)
	at java.util.concurrent.locks.LockSupport.park(LockSupport.java:175)
	at java.util.concurrent.locks.AbstractQueuedSynchronizer$ConditionObject.await(AbstractQueuedSynchronizer.java:2039)
	at java.util.concurrent.LinkedBlockingQueue.take(LinkedBlockingQueue.java:442)
	at java.util.concurrent.ThreadPoolExecutor.getTask(ThreadPoolExecutor.java:1074)
	at java.util.concurrent.ThreadPoolExecutor.runWorker(ThreadPoolExecutor.java:1134)
	at java.util.concurrent.ThreadPoolExecutor$Worker.run(ThreadPoolExecutor.java:624)
	at java.lang.Thread.run(Thread.java:750)

   Locked ownable synchronizers:
	- None

"producer1" #11 prio=5 os_prio=31 tid=0x00007f9bfa092000 nid=0x5503 waiting on condition [0x0000700008ab6000]
   java.lang.Thread.State: WAITING (parking)
	at sun.misc.Unsafe.park(Native Method)
	- parking to wait for  <0x000000076ba66d38> (a java.util.concurrent.locks.AbstractQueuedSynchronizer$ConditionObject)
	at java.util.concurrent.locks.LockSupport.park(LockSupport.java:175)
	at java.util.concurrent.locks.AbstractQueuedSynchronizer$ConditionObject.await(AbstractQueuedSynchronizer.java:2039)
	at java.util.concurrent.LinkedBlockingQueue.take(LinkedBlockingQueue.java:442)
	at java.util.concurrent.ThreadPoolExecutor.getTask(ThreadPoolExecutor.java:1074)
	at java.util.concurrent.ThreadPoolExecutor.runWorker(ThreadPoolExecutor.java:1134)
	at java.util.concurrent.ThreadPoolExecutor$Worker.run(ThreadPoolExecutor.java:624)
	at java.lang.Thread.run(Thread.java:750)

   Locked ownable synchronizers:
	- None

"Service Thread" #10 daemon prio=9 os_prio=31 tid=0x00007f9bfa852000 nid=0x4403 runnable [0x0000000000000000]
   java.lang.Thread.State: RUNNABLE

   Locked ownable synchronizers:
	- None

"C1 CompilerThread3" #9 daemon prio=9 os_prio=31 tid=0x00007f9bf903b000 nid=0x4003 waiting on condition [0x0000000000000000]
   java.lang.Thread.State: RUNNABLE

   Locked ownable synchronizers:
	- None

"C2 CompilerThread2" #8 daemon prio=9 os_prio=31 tid=0x00007f9bf903a000 nid=0x4603 waiting on condition [0x0000000000000000]
   java.lang.Thread.State: RUNNABLE

   Locked ownable synchronizers:
	- None

"C2 CompilerThread1" #7 daemon prio=9 os_prio=31 tid=0x00007f9bf9039000 nid=0x4803 waiting on condition [0x0000000000000000]
   java.lang.Thread.State: RUNNABLE

   Locked ownable synchronizers:
	- None

"C2 CompilerThread0" #6 daemon prio=9 os_prio=31 tid=0x00007f9bfa039000 nid=0x4903 waiting on condition [0x0000000000000000]
   java.lang.Thread.State: RUNNABLE

   Locked ownable synchronizers:
	- None

"Monitor Ctrl-Break" #5 daemon prio=5 os_prio=31 tid=0x00007f9bfa037800 nid=0x4a03 runnable [0x00007000083a1000]
   java.lang.Thread.State: RUNNABLE
	at java.net.SocketInputStream.socketRead0(Native Method)
	at java.net.SocketInputStream.socketRead(SocketInputStream.java:116)
	at java.net.SocketInputStream.read(SocketInputStream.java:171)
	at java.net.SocketInputStream.read(SocketInputStream.java:141)
	at sun.nio.cs.StreamDecoder.readBytes(StreamDecoder.java:284)
	at sun.nio.cs.StreamDecoder.implRead(StreamDecoder.java:326)
	at sun.nio.cs.StreamDecoder.read(StreamDecoder.java:178)
	- locked <0x000000076aca56a0> (a java.io.InputStreamReader)
	at java.io.InputStreamReader.read(InputStreamReader.java:184)
	at java.io.BufferedReader.fill(BufferedReader.java:161)
	at java.io.BufferedReader.readLine(BufferedReader.java:324)
	- locked <0x000000076aca56a0> (a java.io.InputStreamReader)
	at java.io.BufferedReader.readLine(BufferedReader.java:389)
	at com.intellij.rt.execution.application.AppMainV2$1.run(AppMainV2.java:49)

   Locked ownable synchronizers:
	- None

"Signal Dispatcher" #4 daemon prio=9 os_prio=31 tid=0x00007f9bf701d800 nid=0x3c03 runnable [0x0000000000000000]
   java.lang.Thread.State: RUNNABLE

   Locked ownable synchronizers:
	- None

"Finalizer" #3 daemon prio=8 os_prio=31 tid=0x00007f9bfa81f800 nid=0x5003 in Object.wait() [0x0000700008095000]
   java.lang.Thread.State: WAITING (on object monitor)
	at java.lang.Object.wait(Native Method)
	- waiting on <0x000000076ab08ee8> (a java.lang.ref.ReferenceQueue$Lock)
	at java.lang.ref.ReferenceQueue.remove(ReferenceQueue.java:144)
	- locked <0x000000076ab08ee8> (a java.lang.ref.ReferenceQueue$Lock)
	at java.lang.ref.ReferenceQueue.remove(ReferenceQueue.java:165)
	at java.lang.ref.Finalizer$FinalizerThread.run(Finalizer.java:216)

   Locked ownable synchronizers:
	- None

"Reference Handler" #2 daemon prio=10 os_prio=31 tid=0x00007f9bf7014800 nid=0x3203 in Object.wait() [0x0000700007f92000]
   java.lang.Thread.State: WAITING (on object monitor)
	at java.lang.Object.wait(Native Method)
	- waiting on <0x000000076ab06c00> (a java.lang.ref.Reference$Lock)
	at java.lang.Object.wait(Object.java:502)
	at java.lang.ref.Reference.tryHandlePending(Reference.java:191)
	- locked <0x000000076ab06c00> (a java.lang.ref.Reference$Lock)
	at java.lang.ref.Reference$ReferenceHandler.run(Reference.java:153)

   Locked ownable synchronizers:
	- None

"VM Thread" os_prio=31 tid=0x00007f9bf7012000 nid=0x5103 runnable 

"GC task thread#0 (ParallelGC)" os_prio=31 tid=0x00007f9bf700d800 nid=0x1b07 runnable 

"GC task thread#1 (ParallelGC)" os_prio=31 tid=0x00007f9bf700e000 nid=0x1f03 runnable 

"GC task thread#2 (ParallelGC)" os_prio=31 tid=0x00007f9bfa008800 nid=0x1d03 runnable 

"GC task thread#3 (ParallelGC)" os_prio=31 tid=0x00007f9bfa00b000 nid=0x2a03 runnable 

"GC task thread#4 (ParallelGC)" os_prio=31 tid=0x00007f9bfa00b800 nid=0x2b03 runnable 

"GC task thread#5 (ParallelGC)" os_prio=31 tid=0x00007f9bf800f000 nid=0x2d03 runnable 

"GC task thread#6 (ParallelGC)" os_prio=31 tid=0x00007f9bfa00c800 nid=0x2e03 runnable 

"GC task thread#7 (ParallelGC)" os_prio=31 tid=0x00007f9bf800f800 nid=0x5203 runnable 

"VM Periodic Task Thread" os_prio=31 tid=0x00007f9bf808a000 nid=0x4303 waiting on condition 

JNI global references: 15

